<testsuite errors="0" failures="0" name="Django Project Tests" skips="0" tests="23" time="8.050"><testcase classname="blogengine.tests.PostTest" name="test_create_category" time="0.001310" /><testcase classname="blogengine.tests.PostTest" name="test_create_post" time="0.153728" /><testcase classname="blogengine.tests.PostTest" name="test_create_tag" time="0.001241" /><testcase classname="blogengine.tests.AdminTest" name="test_create_category" time="0.929176" /><testcase classname="blogengine.tests.AdminTest" name="test_create_post" time="0.363379" /><testcase classname="blogengine.tests.AdminTest" name="test_create_post_without_tag" time="0.281621" /><testcase classname="blogengine.tests.AdminTest" name="test_create_tag" time="0.261605" /><testcase classname="blogengine.tests.AdminTest" name="test_delete_category" time="0.194961" /><testcase classname="blogengine.tests.AdminTest" name="test_delete_post" time="0.326141" /><testcase classname="blogengine.tests.AdminTest" name="test_delete_tag" time="0.188971" /><testcase classname="blogengine.tests.AdminTest" name="test_edit_category" time="0.197125" /><testcase classname="blogengine.tests.AdminTest" name="test_edit_post" time="0.335851" /><testcase classname="blogengine.tests.AdminTest" name="test_edit_tag" time="0.198323" /><testcase classname="blogengine.tests.AdminTest" name="test_login" time="0.242793" /><testcase classname="blogengine.tests.AdminTest" name="test_logout" time="0.202505" /><testcase classname="blogengine.tests.FeedTest" name="test_all_post_feed" time="0.164590" /><testcase classname="blogengine.tests.FlatPageViewTest" name="test_create_flat_page" time="0.094338" /><testcase classname="blogengine.tests.PostViewTest" name="test_category_page" time="0.169405" /><testcase classname="blogengine.tests.PostViewTest" name="test_index" time="0.142170" /><testcase classname="blogengine.tests.PostViewTest" name="test_nonexistenet_category_page" time="0.051297" /><testcase classname="blogengine.tests.PostViewTest" name="test_nonexistent_tag_page" time="0.018373" /><testcase classname="blogengine.tests.PostViewTest" name="test_post_page" time="0.141816" /><testcase classname="blogengine.tests.PostViewTest" name="test_tag_page" time="0.140578" /></testsuite>